---
created: "2019-08-21T12:11:32.458609128Z"
creator: insta@0.7.4
source: src/lib.rs
expression: maze
---
┌───┬───┬───┐
│   │   │   │
├───┼───┼───┤
│   │   │   │
├───┤   ├───┤
│   │   │   │
└───┴───┴───┘
