---
created: "2019-03-01T01:34:00.354544Z"
creator: insta@0.6.3
source: src/lib.rs
expression: maze.as_string()
---
+---+---+---+
|   |   |   |
+---+---+---+
|   |   |   |
+---+---+---+
|   |   |   |
+---+---+---+
