---
created: "2019-08-21T12:11:32.448574239Z"
creator: insta@0.7.4
source: src/lib.rs
expression: maze
---
┌───┬───┬───┐
│   │   │   │
├───┼───┼───┤
│   │   │   │
├───┼───┴───┤
│   │       │
└───┴───────┘
